// Jest Snapshot v1, https://goo.gl/fbAQLP

exports[`renders table that is sorted ascending 1`] = `
<table>
  <thead>
    <tr>
      <th>
        Product
      </th>
      <th>
        Revenue
      </th>
    </tr>
  </thead>
  <tbody />
  <tfoot>
    <tr>
      <td>
        Total
      </td>
      <td>
        Â£
        0.00
      </td>
    </tr>
  </tfoot>
</table>
`;
